// Jest Snapshot v1, https://goo.gl/fbAQLP

exports[`Basic App functionality renders correctly 1`] = `
<body>
  <div>
    <div
      class="App"
    >
      <div>
        <nav
          class="sc-eNQAEJ haUAcN"
        >
          <a
            href="/"
          >
            <img
              class="sc-kGXeez jzXojl"
              src="CoMakeCircle.png"
            />
          </a>
          <button
            class="MuiButtonBase-root MuiIconButton-root"
            tabindex="0"
            type="button"
          >
            <span
              class="MuiIconButton-label"
            >
              <svg
                aria-hidden="true"
                class="MuiSvgIcon-root MuiSvgIcon-fontSizeLarge"
                focusable="false"
                role="presentation"
                viewBox="0 0 24 24"
              >
                <path
                  d="M4 18h16c.55 0 1-.45 1-1s-.45-1-1-1H4c-.55 0-1 .45-1 1s.45 1 1 1zm0-5h16c.55 0 1-.45 1-1s-.45-1-1-1H4c-.55 0-1 .45-1 1s.45 1 1 1zM3 7c0 .55.45 1 1 1h16c.55 0 1-.45 1-1s-.45-1-1-1H4c-.55 0-1 .45-1 1z"
                />
              </svg>
            </span>
            <span
              class="MuiTouchRipple-root"
            />
          </button>
        </nav>
        <div
          class="ui dimmer"
        >
          <div
            class="content"
          >
            <div
              class="ui text loader"
            >
              Loading
            </div>
          </div>
        </div>
        <div
          class="ui center aligned middle aligned grid"
          style="height: 100vh;"
        >
          <div
            class="column"
            style="max-width: 450px;"
          >
            <img
              class="ui medium centered image"
              src="sign-in-4.png"
            />
            <h2
              class="ui teal center aligned header"
            >
              Log in to your account
            </h2>
            <h4
              class="ui green center aligned header"
            />
            <h4
              class="ui red center aligned header"
            />
            <form
              class="ui large form"
            >
              <div
                class="ui stacked segment"
              >
                <div
                  class="field"
                >
                  <div
                    class="ui fluid left icon input"
                  >
                    <input
                      name="email"
                      placeholder="E-mail address"
                      type="text"
                      value=""
                    />
                    <i
                      aria-hidden="true"
                      class="user icon"
                    />
                  </div>
                </div>
                <div
                  class="field"
                >
                  <div
                    class="ui fluid left icon input"
                  >
                    <input
                      name="password"
                      placeholder="Password"
                      type="password"
                      value=""
                    />
                    <i
                      aria-hidden="true"
                      class="lock icon"
                    />
                  </div>
                </div>
                <button
                  class="ui facebook large fluid button"
                  type="submit"
                >
                  Log in
                </button>
              </div>
            </form>
            <div
              class="ui message"
            >
              New to us?
              <button
                class="ui mini positive button register-button"
              >
                Sign Up
              </button>
            </div>
          </div>
        </div>
        <footer
          class="bottom-nav sc-hMqMXs cGctzT"
        >
          <a
            class="sc-kpOJdX diMgIW"
            href="/addIssue"
          >
            <button
              aria-label="add"
              class="MuiButtonBase-root MuiFab-root"
              tabindex="0"
              type="button"
            >
              <span
                class="MuiFab-label"
              >
                <svg
                  aria-hidden="true"
                  class="MuiSvgIcon-root MuiSvgIcon-fontSizeLarge"
                  focusable="false"
                  role="presentation"
                  viewBox="0 0 24 24"
                >
                  <path
                    d="M19 13h-6v6h-2v-6H5v-2h6V5h2v6h6v2z"
                  />
                </svg>
              </span>
              <span
                class="MuiTouchRipple-root"
              />
            </button>
          </a>
          <div
            class="MuiButtonGroup-root"
            role="group"
          >
            <a
              class="MuiButtonGroup-grouped MuiButtonGroup-groupedText MuiButtonGroup-groupedText sc-ckVGcZ cvNdbu"
              color="default"
              href="/"
              variant="text"
            >
              <button
                class="MuiButtonBase-root MuiIconButton-root"
                tabindex="0"
                type="button"
              >
                <span
                  class="MuiIconButton-label"
                >
                  <svg
                    aria-hidden="true"
                    class="MuiSvgIcon-root MuiSvgIcon-fontSizeLarge"
                    focusable="false"
                    role="presentation"
                    viewBox="0 0 24 24"
                  >
                    <path
                      d="M10 20v-6h4v6h5v-8h3L12 3 2 12h3v8z"
                    />
                  </svg>
                </span>
                <span
                  class="MuiTouchRipple-root"
                />
              </button>
            </a>
            <a
              class="MuiButtonGroup-grouped MuiButtonGroup-groupedText MuiButtonGroup-groupedText sc-dxgOiQ AMShI"
              color="default"
              data-testid="profile-button"
              href="/profile"
              variant="text"
            >
              <button
                class="MuiButtonBase-root MuiIconButton-root"
                tabindex="0"
                type="button"
              >
                <span
                  class="MuiIconButton-label"
                >
                  <svg
                    aria-hidden="true"
                    class="MuiSvgIcon-root MuiSvgIcon-fontSizeLarge"
                    focusable="false"
                    role="presentation"
                    viewBox="0 0 24 24"
                  >
                    <path
                      d="M12 2C6.48 2 2 6.48 2 12s4.48 10 10 10 10-4.48 10-10S17.52 2 12 2zm0 3c1.66 0 3 1.34 3 3s-1.34 3-3 3-3-1.34-3-3 1.34-3 3-3zm0 14.2c-2.5 0-4.71-1.28-6-3.22.03-1.99 4-3.08 6-3.08 1.99 0 5.97 1.09 6 3.08-1.29 1.94-3.5 3.22-6 3.22z"
                    />
                  </svg>
                </span>
                <span
                  class="MuiTouchRipple-root"
                />
              </button>
            </a>
          </div>
        </footer>
      </div>
    </div>
  </div>
</body>
`;
